[
  {
    "meta": {
      "Black": "Cordts, Ingo",
      "BlackElo": "2222",
      "Date": "2000.10.29",
      "ECO": "A56",
      "Result": "0-1",
      "Round": "?",
      "Site": "?",
      "White": "Carlsen, Magnus",
      "WhiteElo": "0",
    },
    "moves": [
      [
        1,
        {
          "capture": false,
          "castling": false,
          "check": false,
          "checkmate": false,
          "from": undefined,
          "long": false,
          "piece": "pawn",
          "promotion": undefined,
          "to": "d4",
        },
        {
          "capture": false,
          "castling": false,
          "check": false,
          "checkmate": false,
          "from": undefined,
          "long": false,
          "piece": "knight",
          "promotion": undefined,
          "to": "f6",
        },
      ],
      [
        2,
        {
          "capture": false,
          "castling": false,
          "check": false,
          "checkmate": false,
          "from": undefined,
          "long": false,
          "piece": "pawn",
          "promotion": undefined,
          "to": "c4",
        },
        {
          "capture": false,
          "castling": false,
          "check": false,
          "checkmate": false,
          "from": undefined,
          "long": false,
          "piece": "pawn",
          "promotion": undefined,
          "to": "c5",
        },
      ],
      [
        3,
        {
          "capture": false,
          "castling": false,
          "check": false,
          "checkmate": false,
          "from": undefined,
          "long": false,
          "piece": "knight",
          "promotion": undefined,
          "to": "f3",
        },
        {
          "capture": true,
          "castling": false,
          "check": false,
          "checkmate": false,
          "from": "c",
          "long": false,
          "piece": "pawn",
          "promotion": undefined,
          "to": "d4",
        },
      ],
      [
        4,
        {
          "capture": true,
          "castling": false,
          "check": false,
          "checkmate": false,
          "from": undefined,
          "long": false,
          "piece": "knight",
          "promotion": undefined,
          "to": "d4",
        },
        {
          "capture": false,
          "castling": false,
          "check": false,
          "checkmate": false,
          "from": undefined,
          "long": false,
          "piece": "pawn",
          "promotion": undefined,
          "to": "e5",
        },
      ],
      [
        5,
        {
          "capture": false,
          "castling": false,
          "check": false,
          "checkmate": false,
          "from": undefined,
          "long": false,
          "piece": "knight",
          "promotion": undefined,
          "to": "b5",
        },
        {
          "capture": false,
          "castling": false,
          "check": false,
          "checkmate": false,
          "from": undefined,
          "long": false,
          "piece": "pawn",
          "promotion": undefined,
          "to": "d5",
        },
      ],
      [
        6,
        {
          "capture": true,
          "castling": false,
          "check": false,
          "checkmate": false,
          "from": "c",
          "long": false,
          "piece": "pawn",
          "promotion": undefined,
          "to": "d5",
        },
        {
          "capture": false,
          "castling": false,
          "check": false,
          "checkmate": false,
          "from": undefined,
          "long": false,
          "piece": "bishop",
          "promotion": undefined,
          "to": "c5",
        },
      ],
      [
        7,
        {
          "capture": false,
          "castling": false,
          "check": false,
          "checkmate": false,
          "from": "5",
          "long": false,
          "piece": "knight",
          "promotion": undefined,
          "to": "c3",
        },
        {
          "capture": false,
          "castling": true,
          "check": false,
          "checkmate": false,
          "from": undefined,
          "long": false,
          "piece": "king",
          "promotion": undefined,
          "to": "g8",
        },
      ],
      [
        8,
        {
          "capture": false,
          "castling": false,
          "check": false,
          "checkmate": false,
          "from": undefined,
          "long": false,
          "piece": "pawn",
          "promotion": undefined,
          "to": "e3",
        },
        {
          "capture": false,
          "castling": false,
          "check": false,
          "checkmate": false,
          "from": undefined,
          "long": false,
          "piece": "pawn",
          "promotion": undefined,
          "to": "e4",
        },
      ],
      [
        9,
        {
          "capture": false,
          "castling": false,
          "check": false,
          "checkmate": false,
          "from": undefined,
          "long": false,
          "piece": "pawn",
          "promotion": undefined,
          "to": "h3",
        },
        {
          "capture": false,
          "castling": false,
          "check": false,
          "checkmate": false,
          "from": undefined,
          "long": false,
          "piece": "rook",
          "promotion": undefined,
          "to": "e8",
        },
      ],
      [
        10,
        {
          "capture": false,
          "castling": false,
          "check": false,
          "checkmate": false,
          "from": undefined,
          "long": false,
          "piece": "pawn",
          "promotion": undefined,
          "to": "g4",
        },
        {
          "capture": false,
          "castling": false,
          "check": false,
          "checkmate": false,
          "from": undefined,
          "long": false,
          "piece": "rook",
          "promotion": undefined,
          "to": "e5",
        },
      ],
      [
        11,
        {
          "capture": false,
          "castling": false,
          "check": false,
          "checkmate": false,
          "from": undefined,
          "long": false,
          "piece": "bishop",
          "promotion": undefined,
          "to": "c4",
        },
        {
          "capture": false,
          "castling": false,
          "check": false,
          "checkmate": false,
          "from": "b",
          "long": false,
          "piece": "knight",
          "promotion": undefined,
          "to": "d7",
        },
      ],
      [
        12,
        {
          "capture": false,
          "castling": false,
          "check": false,
          "checkmate": false,
          "from": undefined,
          "long": false,
          "piece": "queen",
          "promotion": undefined,
          "to": "b3",
        },
        {
          "capture": false,
          "castling": false,
          "check": false,
          "checkmate": false,
          "from": undefined,
          "long": false,
          "piece": "knight",
          "promotion": undefined,
          "to": "e8",
        },
      ],
      [
        13,
        {
          "capture": false,
          "castling": false,
          "check": false,
          "checkmate": false,
          "from": undefined,
          "long": false,
          "piece": "knight",
          "promotion": undefined,
          "to": "d2",
        },
        {
          "capture": false,
          "castling": false,
          "check": false,
          "checkmate": false,
          "from": undefined,
          "long": false,
          "piece": "knight",
          "promotion": undefined,
          "to": "d6",
        },
      ],
      [
        14,
        {
          "capture": false,
          "castling": false,
          "check": false,
          "checkmate": false,
          "from": undefined,
          "long": false,
          "piece": "bishop",
          "promotion": undefined,
          "to": "e2",
        },
        {
          "capture": false,
          "castling": false,
          "check": false,
          "checkmate": false,
          "from": undefined,
          "long": false,
          "piece": "queen",
          "promotion": undefined,
          "to": "h4",
        },
      ],
      [
        15,
        {
          "capture": false,
          "castling": false,
          "check": false,
          "checkmate": false,
          "from": undefined,
          "long": false,
          "piece": "knight",
          "promotion": undefined,
          "to": "c4",
        },
        {
          "capture": true,
          "castling": false,
          "check": false,
          "checkmate": false,
          "from": undefined,
          "long": false,
          "piece": "knight",
          "promotion": undefined,
          "to": "c4",
        },
      ],
      [
        16,
        {
          "capture": true,
          "castling": false,
          "check": false,
          "checkmate": false,
          "from": undefined,
          "long": false,
          "piece": "queen",
          "promotion": undefined,
          "to": "c4",
        },
        {
          "capture": false,
          "castling": false,
          "check": false,
          "checkmate": false,
          "from": undefined,
          "long": false,
          "piece": "pawn",
          "promotion": undefined,
          "to": "b5",
        },
      ],
      [
        17,
        {
          "capture": true,
          "castling": false,
          "check": false,
          "checkmate": false,
          "from": undefined,
          "long": false,
          "piece": "queen",
          "promotion": undefined,
          "to": "b5",
        },
        {
          "capture": false,
          "castling": false,
          "check": false,
          "checkmate": false,
          "from": undefined,
          "long": false,
          "piece": "rook",
          "promotion": undefined,
          "to": "b8",
        },
      ],
      [
        18,
        {
          "capture": false,
          "castling": false,
          "check": false,
          "checkmate": false,
          "from": undefined,
          "long": false,
          "piece": "queen",
          "promotion": undefined,
          "to": "a4",
        },
        {
          "capture": false,
          "castling": false,
          "check": false,
          "checkmate": false,
          "from": undefined,
          "long": false,
          "piece": "knight",
          "promotion": undefined,
          "to": "f6",
        },
      ],
      [
        19,
        {
          "capture": false,
          "castling": false,
          "check": false,
          "checkmate": false,
          "from": undefined,
          "long": false,
          "piece": "queen",
          "promotion": undefined,
          "to": "c6",
        },
        {
          "capture": false,
          "castling": false,
          "check": false,
          "checkmate": false,
          "from": undefined,
          "long": false,
          "piece": "knight",
          "promotion": undefined,
          "to": "d7",
        },
      ],
      [
        20,
        {
          "capture": false,
          "castling": false,
          "check": false,
          "checkmate": false,
          "from": undefined,
          "long": false,
          "piece": "pawn",
          "promotion": undefined,
          "to": "d6",
        },
        {
          "capture": false,
          "castling": false,
          "check": false,
          "checkmate": false,
          "from": undefined,
          "long": false,
          "piece": "rook",
          "promotion": undefined,
          "to": "e6",
        },
      ],
      [
        21,
        {
          "capture": true,
          "castling": false,
          "check": false,
          "checkmate": false,
          "from": undefined,
          "long": false,
          "piece": "knight",
          "promotion": undefined,
          "to": "e4",
        },
        {
          "capture": false,
          "castling": false,
          "check": false,
          "checkmate": false,
          "from": undefined,
          "long": false,
          "piece": "bishop",
          "promotion": undefined,
          "to": "b7",
        },
      ],
      [
        22,
        {
          "capture": true,
          "castling": false,
          "check": false,
          "checkmate": false,
          "from": undefined,
          "long": false,
          "piece": "queen",
          "promotion": undefined,
          "to": "d7",
        },
        {
          "capture": true,
          "castling": false,
          "check": false,
          "checkmate": false,
          "from": undefined,
          "long": false,
          "piece": "bishop",
          "promotion": undefined,
          "to": "e4",
        },
      ],
      [
        23,
        {
          "capture": false,
          "castling": false,
          "check": false,
          "checkmate": false,
          "from": undefined,
          "long": false,
          "piece": "rook",
          "promotion": undefined,
          "to": "h2",
        },
        {
          "capture": true,
          "castling": false,
          "check": false,
          "checkmate": false,
          "from": undefined,
          "long": false,
          "piece": "bishop",
          "promotion": undefined,
          "to": "d6",
        },
      ],
      [
        24,
        {
          "capture": false,
          "castling": false,
          "check": false,
          "checkmate": false,
          "from": undefined,
          "long": false,
          "piece": "bishop",
          "promotion": undefined,
          "to": "c4",
        },
        {
          "capture": false,
          "castling": false,
          "check": false,
          "checkmate": false,
          "from": undefined,
          "long": false,
          "piece": "rook",
          "promotion": undefined,
          "to": "d8",
        },
      ],
      [
        25,
        {
          "capture": true,
          "castling": false,
          "check": false,
          "checkmate": false,
          "from": undefined,
          "long": false,
          "piece": "queen",
          "promotion": undefined,
          "to": "a7",
        },
        {
          "capture": true,
          "castling": false,
          "check": false,
          "checkmate": false,
          "from": undefined,
          "long": false,
          "piece": "bishop",
          "promotion": undefined,
          "to": "h2",
        },
      ],
      [
        26,
        {
          "capture": true,
          "castling": false,
          "check": false,
          "checkmate": false,
          "from": undefined,
          "long": false,
          "piece": "bishop",
          "promotion": undefined,
          "to": "e6",
        },
        {
          "capture": true,
          "castling": false,
          "check": false,
          "checkmate": false,
          "from": "f",
          "long": false,
          "piece": "pawn",
          "promotion": undefined,
          "to": "e6",
        },
      ],
      [
        27,
        {
          "capture": false,
          "castling": false,
          "check": false,
          "checkmate": false,
          "from": undefined,
          "long": false,
          "piece": "queen",
          "promotion": undefined,
          "to": "a6",
        },
        {
          "capture": false,
          "castling": false,
          "check": false,
          "checkmate": false,
          "from": undefined,
          "long": false,
          "piece": "bishop",
          "promotion": undefined,
          "to": "f3",
        },
      ],
      [
        28,
        {
          "capture": false,
          "castling": false,
          "check": false,
          "checkmate": false,
          "from": undefined,
          "long": false,
          "piece": "bishop",
          "promotion": undefined,
          "to": "d2",
        },
        {
          "capture": true,
          "castling": false,
          "check": false,
          "checkmate": false,
          "from": undefined,
          "long": false,
          "piece": "queen",
          "promotion": undefined,
          "to": "h3",
        },
      ],
      [
        29,
        {
          "capture": true,
          "castling": false,
          "check": true,
          "checkmate": false,
          "from": undefined,
          "long": false,
          "piece": "queen",
          "promotion": undefined,
          "to": "e6",
        },
        {
          "capture": false,
          "castling": false,
          "check": false,
          "checkmate": false,
          "from": undefined,
          "long": false,
          "piece": "king",
          "promotion": undefined,
          "to": "h8",
        },
      ],
      [
        30,
        {
          "capture": false,
          "castling": false,
          "check": false,
          "checkmate": false,
          "from": undefined,
          "long": false,
          "piece": "queen",
          "promotion": undefined,
          "to": "e7",
        },
        {
          "capture": false,
          "castling": false,
          "check": false,
          "checkmate": false,
          "from": undefined,
          "long": false,
          "piece": "bishop",
          "promotion": undefined,
          "to": "c7",
        },
      ],
    ],
    "result": 0,
  },
]