[
  {
    "meta": {
      "Black": "Blomqvist, Erik",
      "BlackElo": "0",
      "Date": "2001.??.??",
      "ECO": "C78",
      "Event": "Nordic-chT",
      "Result": "1-0",
      "Round": "?",
      "Site": "?",
      "White": "Carlsen, Magnus",
      "WhiteElo": "0",
    },
    "moves": [
      [
        1,
        {
          "capture": false,
          "castling": false,
          "check": false,
          "checkmate": false,
          "from": undefined,
          "long": false,
          "piece": "pawn",
          "promotion": undefined,
          "to": "e4",
        },
        {
          "capture": false,
          "castling": false,
          "check": false,
          "checkmate": false,
          "from": undefined,
          "long": false,
          "piece": "pawn",
          "promotion": undefined,
          "to": "e5",
        },
      ],
      [
        2,
        {
          "capture": false,
          "castling": false,
          "check": false,
          "checkmate": false,
          "from": undefined,
          "long": false,
          "piece": "knight",
          "promotion": undefined,
          "to": "f3",
        },
        {
          "capture": false,
          "castling": false,
          "check": false,
          "checkmate": false,
          "from": undefined,
          "long": false,
          "piece": "knight",
          "promotion": undefined,
          "to": "c6",
        },
      ],
      [
        3,
        {
          "capture": false,
          "castling": false,
          "check": false,
          "checkmate": false,
          "from": undefined,
          "long": false,
          "piece": "bishop",
          "promotion": undefined,
          "to": "b5",
        },
        {
          "capture": false,
          "castling": false,
          "check": false,
          "checkmate": false,
          "from": undefined,
          "long": false,
          "piece": "pawn",
          "promotion": undefined,
          "to": "a6",
        },
      ],
      [
        4,
        {
          "capture": false,
          "castling": false,
          "check": false,
          "checkmate": false,
          "from": undefined,
          "long": false,
          "piece": "bishop",
          "promotion": undefined,
          "to": "a4",
        },
        {
          "capture": false,
          "castling": false,
          "check": false,
          "checkmate": false,
          "from": undefined,
          "long": false,
          "piece": "knight",
          "promotion": undefined,
          "to": "f6",
        },
      ],
      [
        5,
        {
          "capture": false,
          "castling": true,
          "check": false,
          "checkmate": false,
          "from": undefined,
          "long": false,
          "piece": "king",
          "promotion": undefined,
          "to": "g1",
        },
        {
          "capture": false,
          "castling": false,
          "check": false,
          "checkmate": false,
          "from": undefined,
          "long": false,
          "piece": "pawn",
          "promotion": undefined,
          "to": "b5",
        },
      ],
      [
        6,
        {
          "capture": false,
          "castling": false,
          "check": false,
          "checkmate": false,
          "from": undefined,
          "long": false,
          "piece": "bishop",
          "promotion": undefined,
          "to": "b3",
        },
        {
          "capture": false,
          "castling": false,
          "check": false,
          "checkmate": false,
          "from": undefined,
          "long": false,
          "piece": "pawn",
          "promotion": undefined,
          "to": "d6",
        },
      ],
      [
        7,
        {
          "capture": false,
          "castling": false,
          "check": false,
          "checkmate": false,
          "from": undefined,
          "long": false,
          "piece": "rook",
          "promotion": undefined,
          "to": "e1",
        },
        {
          "capture": false,
          "castling": false,
          "check": false,
          "checkmate": false,
          "from": undefined,
          "long": false,
          "piece": "knight",
          "promotion": undefined,
          "to": "a5",
        },
      ],
      [
        8,
        {
          "capture": false,
          "castling": false,
          "check": false,
          "checkmate": false,
          "from": undefined,
          "long": false,
          "piece": "pawn",
          "promotion": undefined,
          "to": "d4",
        },
        {
          "capture": true,
          "castling": false,
          "check": false,
          "checkmate": false,
          "from": "e",
          "long": false,
          "piece": "pawn",
          "promotion": undefined,
          "to": "d4",
        },
      ],
      [
        9,
        {
          "capture": false,
          "castling": false,
          "check": false,
          "checkmate": false,
          "from": undefined,
          "long": false,
          "piece": "pawn",
          "promotion": undefined,
          "to": "e5",
        },
        {
          "capture": true,
          "castling": false,
          "check": false,
          "checkmate": false,
          "from": "d",
          "long": false,
          "piece": "pawn",
          "promotion": undefined,
          "to": "e5",
        },
      ],
      [
        10,
        {
          "capture": true,
          "castling": false,
          "check": false,
          "checkmate": false,
          "from": undefined,
          "long": false,
          "piece": "knight",
          "promotion": undefined,
          "to": "e5",
        },
        {
          "capture": false,
          "castling": false,
          "check": false,
          "checkmate": false,
          "from": undefined,
          "long": false,
          "piece": "bishop",
          "promotion": undefined,
          "to": "e7",
        },
      ],
      [
        11,
        {
          "capture": true,
          "castling": false,
          "check": false,
          "checkmate": false,
          "from": undefined,
          "long": false,
          "piece": "knight",
          "promotion": undefined,
          "to": "f7",
        },
        {
          "capture": true,
          "castling": false,
          "check": false,
          "checkmate": false,
          "from": undefined,
          "long": false,
          "piece": "knight",
          "promotion": undefined,
          "to": "b3",
        },
      ],
      [
        12,
        {
          "capture": true,
          "castling": false,
          "check": false,
          "checkmate": false,
          "from": undefined,
          "long": false,
          "piece": "knight",
          "promotion": undefined,
          "to": "d8",
        },
        {
          "capture": true,
          "castling": false,
          "check": false,
          "checkmate": false,
          "from": undefined,
          "long": false,
          "piece": "knight",
          "promotion": undefined,
          "to": "a1",
        },
      ],
      [
        13,
        {
          "capture": false,
          "castling": false,
          "check": false,
          "checkmate": false,
          "from": undefined,
          "long": false,
          "piece": "knight",
          "promotion": undefined,
          "to": "c6",
        },
        {
          "capture": false,
          "castling": false,
          "check": false,
          "checkmate": false,
          "from": undefined,
          "long": false,
          "piece": "knight",
          "promotion": undefined,
          "to": "d5",
        },
      ],
      [
        14,
        {
          "capture": false,
          "castling": false,
          "check": true,
          "checkmate": false,
          "from": undefined,
          "long": false,
          "piece": "queen",
          "promotion": undefined,
          "to": "h5",
        },
        {
          "capture": false,
          "castling": false,
          "check": false,
          "checkmate": false,
          "from": undefined,
          "long": false,
          "piece": "pawn",
          "promotion": undefined,
          "to": "g6",
        },
      ],
      [
        15,
        {
          "capture": true,
          "castling": false,
          "check": false,
          "checkmate": false,
          "from": undefined,
          "long": false,
          "piece": "queen",
          "promotion": undefined,
          "to": "d5",
        },
        {
          "capture": false,
          "castling": false,
          "check": false,
          "checkmate": false,
          "from": undefined,
          "long": false,
          "piece": "king",
          "promotion": undefined,
          "to": "f8",
        },
      ],
      [
        16,
        {
          "capture": true,
          "castling": false,
          "check": false,
          "checkmate": false,
          "from": undefined,
          "long": false,
          "piece": "knight",
          "promotion": undefined,
          "to": "e7",
        },
        {
          "capture": false,
          "castling": false,
          "check": false,
          "checkmate": false,
          "from": undefined,
          "long": false,
          "piece": "rook",
          "promotion": undefined,
          "to": "b8",
        },
      ],
      [
        17,
        {
          "capture": false,
          "castling": false,
          "check": true,
          "checkmate": false,
          "from": undefined,
          "long": false,
          "piece": "queen",
          "promotion": undefined,
          "to": "d8",
        },
        {
          "capture": false,
          "castling": false,
          "check": false,
          "checkmate": false,
          "from": undefined,
          "long": false,
          "piece": "king",
          "promotion": undefined,
          "to": "g7",
        },
      ],
      [
        18,
        {
          "capture": true,
          "castling": false,
          "check": true,
          "checkmate": false,
          "from": undefined,
          "long": false,
          "piece": "queen",
          "promotion": undefined,
          "to": "d4",
        },
        {
          "capture": false,
          "castling": false,
          "check": false,
          "checkmate": false,
          "from": undefined,
          "long": false,
          "piece": "king",
          "promotion": undefined,
          "to": "f7",
        },
      ],
      [
        19,
        {
          "capture": true,
          "castling": false,
          "check": false,
          "checkmate": false,
          "from": undefined,
          "long": false,
          "piece": "queen",
          "promotion": undefined,
          "to": "h8",
        },
        {
          "capture": true,
          "castling": false,
          "check": false,
          "checkmate": false,
          "from": undefined,
          "long": false,
          "piece": "knight",
          "promotion": undefined,
          "to": "c2",
        },
      ],
      [
        20,
        {
          "capture": false,
          "castling": false,
          "check": true,
          "checkmate": false,
          "from": undefined,
          "long": false,
          "piece": "queen",
          "promotion": undefined,
          "to": "g8",
        },
        {
          "capture": false,
          "castling": false,
          "check": false,
          "checkmate": false,
          "from": undefined,
          "long": false,
          "piece": "king",
          "promotion": undefined,
          "to": "f6",
        },
      ],
      [
        21,
        {
          "capture": false,
          "castling": false,
          "check": false,
          "checkmate": true,
          "from": undefined,
          "long": false,
          "piece": "queen",
          "promotion": undefined,
          "to": "f8",
        },
      ],
    ],
    "result": 1,
  },
]