[
  {
    "meta": {
      "Black": "Carlsen, Magnus",
      "BlackElo": "2064",
      "Date": "2001.04.10",
      "ECO": "A46",
      "Event": "NOR-ch op",
      "Result": "0-1",
      "Round": "?",
      "Site": "?",
      "White": "Kabashaj, Agron",
      "WhiteElo": "0",
    },
    "moves": [
      [
        1,
        {
          "capture": false,
          "castling": false,
          "check": false,
          "checkmate": false,
          "from": undefined,
          "long": false,
          "piece": "pawn",
          "promotion": undefined,
          "to": "d4",
        },
        {
          "capture": false,
          "castling": false,
          "check": false,
          "checkmate": false,
          "from": undefined,
          "long": false,
          "piece": "knight",
          "promotion": undefined,
          "to": "f6",
        },
      ],
      [
        2,
        {
          "capture": false,
          "castling": false,
          "check": false,
          "checkmate": false,
          "from": undefined,
          "long": false,
          "piece": "knight",
          "promotion": undefined,
          "to": "f3",
        },
        {
          "capture": false,
          "castling": false,
          "check": false,
          "checkmate": false,
          "from": undefined,
          "long": false,
          "piece": "pawn",
          "promotion": undefined,
          "to": "c5",
        },
      ],
      [
        3,
        {
          "capture": false,
          "castling": false,
          "check": false,
          "checkmate": false,
          "from": undefined,
          "long": false,
          "piece": "pawn",
          "promotion": undefined,
          "to": "g3",
        },
        {
          "capture": true,
          "castling": false,
          "check": false,
          "checkmate": false,
          "from": "c",
          "long": false,
          "piece": "pawn",
          "promotion": undefined,
          "to": "d4",
        },
      ],
      [
        4,
        {
          "capture": true,
          "castling": false,
          "check": false,
          "checkmate": false,
          "from": undefined,
          "long": false,
          "piece": "knight",
          "promotion": undefined,
          "to": "d4",
        },
        {
          "capture": false,
          "castling": false,
          "check": false,
          "checkmate": false,
          "from": undefined,
          "long": false,
          "piece": "pawn",
          "promotion": undefined,
          "to": "d5",
        },
      ],
      [
        5,
        {
          "capture": false,
          "castling": false,
          "check": false,
          "checkmate": false,
          "from": undefined,
          "long": false,
          "piece": "knight",
          "promotion": undefined,
          "to": "f3",
        },
        {
          "capture": false,
          "castling": false,
          "check": false,
          "checkmate": false,
          "from": undefined,
          "long": false,
          "piece": "knight",
          "promotion": undefined,
          "to": "c6",
        },
      ],
      [
        6,
        {
          "capture": false,
          "castling": false,
          "check": false,
          "checkmate": false,
          "from": undefined,
          "long": false,
          "piece": "pawn",
          "promotion": undefined,
          "to": "c4",
        },
        {
          "capture": false,
          "castling": false,
          "check": false,
          "checkmate": false,
          "from": undefined,
          "long": false,
          "piece": "pawn",
          "promotion": undefined,
          "to": "e5",
        },
      ],
      [
        7,
        {
          "capture": true,
          "castling": false,
          "check": false,
          "checkmate": false,
          "from": "c",
          "long": false,
          "piece": "pawn",
          "promotion": undefined,
          "to": "d5",
        },
        {
          "capture": true,
          "castling": false,
          "check": false,
          "checkmate": false,
          "from": undefined,
          "long": false,
          "piece": "knight",
          "promotion": undefined,
          "to": "d5",
        },
      ],
      [
        8,
        {
          "capture": false,
          "castling": false,
          "check": false,
          "checkmate": false,
          "from": undefined,
          "long": false,
          "piece": "pawn",
          "promotion": undefined,
          "to": "e4",
        },
        {
          "capture": false,
          "castling": false,
          "check": false,
          "checkmate": false,
          "from": "d",
          "long": false,
          "piece": "knight",
          "promotion": undefined,
          "to": "b4",
        },
      ],
      [
        9,
        {
          "capture": true,
          "castling": false,
          "check": true,
          "checkmate": false,
          "from": undefined,
          "long": false,
          "piece": "queen",
          "promotion": undefined,
          "to": "d8",
        },
        {
          "capture": true,
          "castling": false,
          "check": false,
          "checkmate": false,
          "from": undefined,
          "long": false,
          "piece": "king",
          "promotion": undefined,
          "to": "d8",
        },
      ],
      [
        10,
        {
          "capture": false,
          "castling": false,
          "check": false,
          "checkmate": false,
          "from": undefined,
          "long": false,
          "piece": "knight",
          "promotion": undefined,
          "to": "a3",
        },
        {
          "capture": false,
          "castling": false,
          "check": false,
          "checkmate": false,
          "from": undefined,
          "long": false,
          "piece": "bishop",
          "promotion": undefined,
          "to": "g4",
        },
      ],
      [
        11,
        {
          "capture": false,
          "castling": false,
          "check": false,
          "checkmate": false,
          "from": undefined,
          "long": false,
          "piece": "bishop",
          "promotion": undefined,
          "to": "e2",
        },
        {
          "capture": true,
          "castling": false,
          "check": false,
          "checkmate": false,
          "from": undefined,
          "long": false,
          "piece": "bishop",
          "promotion": undefined,
          "to": "f3",
        },
      ],
      [
        12,
        {
          "capture": true,
          "castling": false,
          "check": false,
          "checkmate": false,
          "from": undefined,
          "long": false,
          "piece": "bishop",
          "promotion": undefined,
          "to": "f3",
        },
        {
          "capture": false,
          "castling": false,
          "check": false,
          "checkmate": false,
          "from": undefined,
          "long": false,
          "piece": "knight",
          "promotion": undefined,
          "to": "d4",
        },
      ],
      [
        13,
        {
          "capture": false,
          "castling": false,
          "check": false,
          "checkmate": false,
          "from": undefined,
          "long": false,
          "piece": "bishop",
          "promotion": undefined,
          "to": "d1",
        },
        {
          "capture": false,
          "castling": false,
          "check": true,
          "checkmate": false,
          "from": undefined,
          "long": false,
          "piece": "knight",
          "promotion": undefined,
          "to": "d3",
        },
      ],
      [
        14,
        {
          "capture": false,
          "castling": false,
          "check": false,
          "checkmate": false,
          "from": undefined,
          "long": false,
          "piece": "king",
          "promotion": undefined,
          "to": "f1",
        },
        {
          "capture": false,
          "castling": false,
          "check": false,
          "checkmate": false,
          "from": undefined,
          "long": false,
          "piece": "rook",
          "promotion": undefined,
          "to": "c8",
        },
      ],
      [
        15,
        {
          "capture": false,
          "castling": false,
          "check": false,
          "checkmate": false,
          "from": undefined,
          "long": false,
          "piece": "bishop",
          "promotion": undefined,
          "to": "e3",
        },
        {
          "capture": true,
          "castling": false,
          "check": false,
          "checkmate": false,
          "from": undefined,
          "long": false,
          "piece": "knight",
          "promotion": undefined,
          "to": "b2",
        },
      ],
      [
        16,
        {
          "capture": true,
          "castling": false,
          "check": false,
          "checkmate": false,
          "from": undefined,
          "long": false,
          "piece": "bishop",
          "promotion": undefined,
          "to": "d4",
        },
        {
          "capture": true,
          "castling": false,
          "check": false,
          "checkmate": false,
          "from": "e",
          "long": false,
          "piece": "pawn",
          "promotion": undefined,
          "to": "d4",
        },
      ],
      [
        17,
        {
          "capture": false,
          "castling": false,
          "check": false,
          "checkmate": false,
          "from": undefined,
          "long": false,
          "piece": "knight",
          "promotion": undefined,
          "to": "b5",
        },
        {
          "capture": false,
          "castling": false,
          "check": false,
          "checkmate": false,
          "from": undefined,
          "long": false,
          "piece": "bishop",
          "promotion": undefined,
          "to": "c5",
        },
      ],
      [
        18,
        {
          "capture": false,
          "castling": false,
          "check": false,
          "checkmate": false,
          "from": undefined,
          "long": false,
          "piece": "pawn",
          "promotion": undefined,
          "to": "e5",
        },
        {
          "capture": false,
          "castling": false,
          "check": false,
          "checkmate": false,
          "from": undefined,
          "long": false,
          "piece": "pawn",
          "promotion": undefined,
          "to": "a6",
        },
      ],
      [
        19,
        {
          "capture": false,
          "castling": false,
          "check": false,
          "checkmate": false,
          "from": undefined,
          "long": false,
          "piece": "knight",
          "promotion": undefined,
          "to": "d6",
        },
        {
          "capture": true,
          "castling": false,
          "check": false,
          "checkmate": false,
          "from": undefined,
          "long": false,
          "piece": "bishop",
          "promotion": undefined,
          "to": "d6",
        },
      ],
      [
        20,
        {
          "capture": true,
          "castling": false,
          "check": false,
          "checkmate": false,
          "from": "e",
          "long": false,
          "piece": "pawn",
          "promotion": undefined,
          "to": "d6",
        },
        {
          "capture": false,
          "castling": false,
          "check": false,
          "checkmate": false,
          "from": undefined,
          "long": false,
          "piece": "pawn",
          "promotion": undefined,
          "to": "d3",
        },
      ],
      [
        21,
        {
          "capture": false,
          "castling": false,
          "check": false,
          "checkmate": false,
          "from": undefined,
          "long": false,
          "piece": "bishop",
          "promotion": undefined,
          "to": "b3",
        },
        {
          "capture": false,
          "castling": false,
          "check": false,
          "checkmate": false,
          "from": undefined,
          "long": false,
          "piece": "rook",
          "promotion": undefined,
          "to": "e8",
        },
      ],
      [
        22,
        {
          "capture": false,
          "castling": false,
          "check": false,
          "checkmate": false,
          "from": undefined,
          "long": false,
          "piece": "king",
          "promotion": undefined,
          "to": "g2",
        },
        {
          "capture": false,
          "castling": false,
          "check": false,
          "checkmate": false,
          "from": undefined,
          "long": false,
          "piece": "rook",
          "promotion": undefined,
          "to": "e2",
        },
      ],
      [
        23,
        {
          "capture": false,
          "castling": false,
          "check": false,
          "checkmate": false,
          "from": "a",
          "long": false,
          "piece": "rook",
          "promotion": undefined,
          "to": "b1",
        },
        {
          "capture": false,
          "castling": false,
          "check": false,
          "checkmate": false,
          "from": undefined,
          "long": false,
          "piece": "rook",
          "promotion": undefined,
          "to": "c6",
        },
      ],
      [
        24,
        {
          "capture": false,
          "castling": false,
          "check": false,
          "checkmate": false,
          "from": undefined,
          "long": false,
          "piece": "pawn",
          "promotion": undefined,
          "to": "d7",
        },
        {
          "capture": true,
          "castling": false,
          "check": false,
          "checkmate": false,
          "from": undefined,
          "long": false,
          "piece": "king",
          "promotion": undefined,
          "to": "d7",
        },
      ],
      [
        25,
        {
          "capture": true,
          "castling": false,
          "check": false,
          "checkmate": false,
          "from": undefined,
          "long": false,
          "piece": "bishop",
          "promotion": undefined,
          "to": "f7",
        },
        {
          "capture": false,
          "castling": false,
          "check": false,
          "checkmate": false,
          "from": undefined,
          "long": false,
          "piece": "rook",
          "promotion": undefined,
          "to": "f6",
        },
      ],
      [
        26,
        {
          "capture": false,
          "castling": false,
          "check": false,
          "checkmate": false,
          "from": undefined,
          "long": false,
          "piece": "bishop",
          "promotion": undefined,
          "to": "d5",
        },
        {
          "capture": true,
          "castling": false,
          "check": true,
          "checkmate": false,
          "from": "f",
          "long": false,
          "piece": "rook",
          "promotion": undefined,
          "to": "f2",
        },
      ],
      [
        27,
        {
          "capture": false,
          "castling": false,
          "check": false,
          "checkmate": false,
          "from": undefined,
          "long": false,
          "piece": "king",
          "promotion": undefined,
          "to": "h3",
        },
        {
          "capture": false,
          "castling": false,
          "check": false,
          "checkmate": false,
          "from": undefined,
          "long": false,
          "piece": "pawn",
          "promotion": undefined,
          "to": "b5",
        },
      ],
      [
        28,
        {
          "capture": false,
          "castling": false,
          "check": false,
          "checkmate": false,
          "from": undefined,
          "long": false,
          "piece": "pawn",
          "promotion": undefined,
          "to": "g4",
        },
        {
          "capture": false,
          "castling": false,
          "check": true,
          "checkmate": false,
          "from": undefined,
          "long": false,
          "piece": "rook",
          "promotion": undefined,
          "to": "e3",
        },
      ],
      [
        29,
        {
          "capture": false,
          "castling": false,
          "check": false,
          "checkmate": false,
          "from": undefined,
          "long": false,
          "piece": "king",
          "promotion": undefined,
          "to": "h4",
        },
        {
          "capture": false,
          "castling": false,
          "check": true,
          "checkmate": false,
          "from": undefined,
          "long": false,
          "piece": "pawn",
          "promotion": undefined,
          "to": "g5",
        },
      ],
      [
        30,
        {
          "capture": false,
          "castling": false,
          "check": false,
          "checkmate": false,
          "from": undefined,
          "long": false,
          "piece": "king",
          "promotion": undefined,
          "to": "h5",
        },
        {
          "capture": false,
          "castling": false,
          "check": true,
          "checkmate": false,
          "from": undefined,
          "long": false,
          "piece": "rook",
          "promotion": undefined,
          "to": "h3",
        },
      ],
      [
        31,
        {
          "capture": true,
          "castling": false,
          "check": false,
          "checkmate": false,
          "from": undefined,
          "long": false,
          "piece": "king",
          "promotion": undefined,
          "to": "g5",
        },
        {
          "capture": true,
          "castling": false,
          "check": false,
          "checkmate": false,
          "from": "h",
          "long": false,
          "piece": "rook",
          "promotion": undefined,
          "to": "h2",
        },
      ],
      [
        32,
        {
          "capture": false,
          "castling": false,
          "check": false,
          "checkmate": false,
          "from": "h",
          "long": false,
          "piece": "rook",
          "promotion": undefined,
          "to": "g1",
        },
        {
          "capture": false,
          "castling": false,
          "check": false,
          "checkmate": false,
          "from": undefined,
          "long": false,
          "piece": "rook",
          "promotion": undefined,
          "to": "e2",
        },
      ],
      [
        33,
        {
          "capture": false,
          "castling": false,
          "check": false,
          "checkmate": false,
          "from": undefined,
          "long": false,
          "piece": "bishop",
          "promotion": undefined,
          "to": "b7",
        },
        {
          "capture": false,
          "castling": false,
          "check": false,
          "checkmate": false,
          "from": undefined,
          "long": false,
          "piece": "rook",
          "promotion": undefined,
          "to": "e6",
        },
      ],
      [
        34,
        {
          "capture": false,
          "castling": false,
          "check": false,
          "checkmate": false,
          "from": undefined,
          "long": false,
          "piece": "bishop",
          "promotion": undefined,
          "to": "g2",
        },
        {
          "capture": false,
          "castling": false,
          "check": false,
          "checkmate": false,
          "from": undefined,
          "long": false,
          "piece": "knight",
          "promotion": undefined,
          "to": "c4",
        },
      ],
      [
        35,
        {
          "capture": false,
          "castling": false,
          "check": false,
          "checkmate": false,
          "from": "b",
          "long": false,
          "piece": "rook",
          "promotion": undefined,
          "to": "d1",
        },
        {
          "capture": false,
          "castling": false,
          "check": false,
          "checkmate": false,
          "from": undefined,
          "long": false,
          "piece": "pawn",
          "promotion": undefined,
          "to": "d2",
        },
      ],
      [
        36,
        {
          "capture": false,
          "castling": false,
          "check": false,
          "checkmate": false,
          "from": undefined,
          "long": false,
          "piece": "bishop",
          "promotion": undefined,
          "to": "d5",
        },
        {
          "capture": false,
          "castling": false,
          "check": true,
          "checkmate": false,
          "from": undefined,
          "long": false,
          "piece": "rook",
          "promotion": undefined,
          "to": "e5",
        },
      ],
      [
        37,
        {
          "capture": false,
          "castling": false,
          "check": false,
          "checkmate": false,
          "from": undefined,
          "long": false,
          "piece": "king",
          "promotion": undefined,
          "to": "f6",
        },
        {
          "capture": true,
          "castling": false,
          "check": false,
          "checkmate": false,
          "from": undefined,
          "long": false,
          "piece": "rook",
          "promotion": undefined,
          "to": "d5",
        },
      ],
      [
        38,
        {
          "capture": false,
          "castling": false,
          "check": false,
          "checkmate": false,
          "from": undefined,
          "long": false,
          "piece": "king",
          "promotion": undefined,
          "to": "g7",
        },
        {
          "capture": false,
          "castling": false,
          "check": false,
          "checkmate": false,
          "from": undefined,
          "long": false,
          "piece": "knight",
          "promotion": undefined,
          "to": "b2",
        },
      ],
      [
        39,
        {
          "capture": false,
          "castling": false,
          "check": false,
          "checkmate": false,
          "from": undefined,
          "long": false,
          "piece": "rook",
          "promotion": undefined,
          "to": "h1",
        },
        {
          "capture": true,
          "castling": false,
          "check": false,
          "checkmate": false,
          "from": undefined,
          "long": false,
          "piece": "rook",
          "promotion": undefined,
          "to": "h1",
        },
      ],
      [
        40,
        {
          "capture": true,
          "castling": false,
          "check": false,
          "checkmate": false,
          "from": undefined,
          "long": false,
          "piece": "rook",
          "promotion": undefined,
          "to": "h1",
        },
        {
          "capture": false,
          "castling": false,
          "check": false,
          "checkmate": false,
          "from": undefined,
          "long": false,
          "piece": "pawn",
          "promotion": "queen",
          "to": "d1",
        },
      ],
    ],
    "result": 0,
  },
]