[
  {
    "meta": {
      "Black": "Cordts, Ingo",
      "BlackElo": "2222",
      "Date": "2000.10.29",
      "ECO": "A56",
      "Result": "0-1",
      "Round": "?",
      "Site": "?",
      "White": "Carlsen, Magnus",
      "WhiteElo": "0",
    },
    "moves": [
      [
        1,
        {
          "piece": "P",
          "to": "b3",
        },
      ],
    ],
    "result": 1,
  },
]