[
  {
    "meta": {
      "Black": "?",
      "Date": "????.??.??",
      "Event": "?",
      "Result": "*",
      "Round": "?",
      "Site": "?",
      "White": "?",
    },
    "moves": [
      [
        1,
        {
          "capture": false,
          "castling": false,
          "check": false,
          "checkmate": false,
          "from": undefined,
          "long": false,
          "piece": "pawn",
          "promotion": undefined,
          "to": "e4",
        },
        {
          "capture": false,
          "castling": false,
          "check": false,
          "checkmate": false,
          "from": undefined,
          "long": false,
          "piece": "pawn",
          "promotion": undefined,
          "to": "e5",
        },
      ],
      [
        2,
        {
          "capture": false,
          "castling": false,
          "check": false,
          "checkmate": false,
          "from": undefined,
          "long": false,
          "piece": "knight",
          "promotion": undefined,
          "to": "f3",
        },
        {
          "capture": false,
          "castling": false,
          "check": false,
          "checkmate": false,
          "from": undefined,
          "long": false,
          "piece": "knight",
          "promotion": undefined,
          "to": "c6",
        },
      ],
      [
        3,
        {
          "capture": false,
          "castling": false,
          "check": false,
          "checkmate": false,
          "from": undefined,
          "long": false,
          "piece": "bishop",
          "promotion": undefined,
          "to": "c4",
        },
        {
          "capture": false,
          "castling": false,
          "check": false,
          "checkmate": false,
          "from": undefined,
          "long": false,
          "piece": "bishop",
          "promotion": undefined,
          "to": "c5",
        },
      ],
      [
        4,
        {
          "capture": false,
          "castling": false,
          "check": false,
          "checkmate": false,
          "from": undefined,
          "long": false,
          "piece": "pawn",
          "promotion": undefined,
          "to": "b4",
        },
        {
          "capture": true,
          "castling": false,
          "check": false,
          "checkmate": false,
          "from": undefined,
          "long": false,
          "piece": "bishop",
          "promotion": undefined,
          "to": "b4",
        },
      ],
      [
        5,
        {
          "capture": false,
          "castling": false,
          "check": false,
          "checkmate": false,
          "from": undefined,
          "long": false,
          "piece": "pawn",
          "promotion": undefined,
          "to": "c3",
        },
        {
          "capture": false,
          "castling": false,
          "check": false,
          "checkmate": false,
          "from": undefined,
          "long": false,
          "piece": "bishop",
          "promotion": undefined,
          "to": "a5",
          "variants": [
            [
              [
                5,
                undefined,
                {
                  "annotations": [
                    "±",
                  ],
                  "capture": false,
                  "castling": false,
                  "check": false,
                  "checkmate": false,
                  "from": undefined,
                  "long": false,
                  "piece": "bishop",
                  "promotion": undefined,
                  "to": "e7",
                },
              ],
              [
                6,
                {
                  "capture": false,
                  "castling": false,
                  "check": false,
                  "checkmate": false,
                  "from": undefined,
                  "long": false,
                  "piece": "pawn",
                  "promotion": undefined,
                  "to": "d4",
                },
              ],
            ],
          ],
        },
      ],
      [
        6,
        {
          "capture": false,
          "castling": false,
          "check": false,
          "checkmate": false,
          "from": undefined,
          "long": false,
          "piece": "queen",
          "promotion": undefined,
          "to": "b3",
          "variants": [
            [
              [
                6,
                {
                  "capture": false,
                  "castling": false,
                  "check": false,
                  "checkmate": false,
                  "from": undefined,
                  "long": false,
                  "piece": "pawn",
                  "promotion": undefined,
                  "to": "d4",
                },
                {
                  "capture": true,
                  "castling": false,
                  "check": false,
                  "checkmate": false,
                  "from": "e",
                  "long": false,
                  "piece": "pawn",
                  "promotion": undefined,
                  "to": "d4",
                },
              ],
              [
                7,
                {
                  "capture": false,
                  "castling": true,
                  "check": false,
                  "checkmate": false,
                  "from": undefined,
                  "long": false,
                  "piece": "king",
                  "promotion": undefined,
                  "to": "g1",
                },
              ],
            ],
          ],
        },
      ],
    ],
    "result": "?",
  },
]